===== s02-kill-primary-during-delete.sh (16:21:52)
16:21:53 scenario s02-kill-primary-during-delete: mode=vanilla ceph=c92aebb279828e9c3c1f5d24613efca272649e62 runs=20 pool=rvtest
16:22:00 clean after 7 s
16:22:00 --- s02-kill-primary-during-delete run 1 {"kill_delay_s": 0.05}
16:22:25 osd.1 up (pid 380204)
16:22:38 clean after 13 s
16:23:02 deep-scrubbed 32 PGs in 24 s
16:23:08 clean after 6 s
run 1: PASS  [1=ok 2=ok 3=skip 4=ok]
16:23:09 --- s02-kill-primary-during-delete run 2 {"kill_delay_s": 0.12}
16:23:31 osd.1 up (pid 382387)
16:23:44 clean after 13 s
16:24:04 deep-scrubbed 32 PGs in 20 s
16:24:11 clean after 6 s
run 2: PASS  [1=ok 2=ok 3=skip 4=ok]
16:24:11 --- s02-kill-primary-during-delete run 3 {"kill_delay_s": 0.15}
16:24:26 osd.3 up (pid 384518)
16:24:40 clean after 13 s
16:25:00 deep-scrubbed 32 PGs in 20 s
16:25:07 clean after 6 s
run 3: PASS  [1=ok 2=ok 3=skip 4=ok]
16:25:08 --- s02-kill-primary-during-delete run 4 {"kill_delay_s": 0.18}
16:25:21 osd.0 up (pid 386695)
16:25:34 clean after 13 s
16:25:52 deep-scrubbed 32 PGs in 18 s
16:25:59 clean after 7 s
run 4: PASS  [1=ok 2=ok 3=skip 4=ok]
16:25:59 --- s02-kill-primary-during-delete run 5 {"kill_delay_s": 0.2}
16:26:12 osd.1 up (pid 388801)
16:26:26 clean after 13 s
16:26:46 deep-scrubbed 32 PGs in 20 s
16:26:53 clean after 6 s
run 5: PASS  [1=ok 2=ok 3=skip 4=ok]
16:26:53 --- s02-kill-primary-during-delete run 6 {"kill_delay_s": 0.22}
16:27:07 osd.3 up (pid 390957)
16:27:18 clean after 11 s
16:27:38 deep-scrubbed 32 PGs in 20 s
16:27:45 clean after 6 s
run 6: PASS  [1=ok 2=ok 3=skip 4=ok]
16:27:45 --- s02-kill-primary-during-delete run 7 {"kill_delay_s": 0.25}
16:27:58 osd.2 up (pid 393060)
16:28:12 clean after 14 s
16:28:29 deep-scrubbed 32 PGs in 17 s
16:28:36 clean after 7 s
run 7: PASS  [1=ok 2=ok 3=skip 4=ok]
16:28:36 --- s02-kill-primary-during-delete run 8 {"kill_delay_s": 0.28}
16:28:49 osd.1 up (pid 395202)
16:29:00 clean after 11 s
16:29:20 deep-scrubbed 32 PGs in 20 s
16:29:27 clean after 6 s
run 8: PASS  [1=ok 2=ok 3=skip 4=ok]
16:29:28 --- s02-kill-primary-during-delete run 9 {"kill_delay_s": 0.3}
16:29:43 osd.4 up (pid 397336)
16:29:56 clean after 13 s
16:30:17 deep-scrubbed 32 PGs in 21 s
16:30:23 clean after 6 s
run 9: PASS  [1=ok 2=ok 3=skip 4=ok]
16:30:24 --- s02-kill-primary-during-delete run 10 {"kill_delay_s": 0.35}
16:30:39 osd.0 up (pid 399493)
16:30:52 clean after 13 s
16:31:12 deep-scrubbed 32 PGs in 20 s
16:31:19 clean after 6 s
run 10: PASS  [1=ok 2=ok 3=skip 4=ok]
16:31:19 --- s02-kill-primary-during-delete run 11 {"kill_delay_s": 0.4}
16:31:34 osd.0 up (pid 401676)
16:31:48 clean after 14 s
16:32:08 deep-scrubbed 32 PGs in 20 s
16:32:15 clean after 6 s
run 11: PASS  [1=ok 2=ok 3=skip 4=ok]
16:32:15 --- s02-kill-primary-during-delete run 12 {"kill_delay_s": 0.5}
16:32:28 osd.1 up (pid 403806)
16:32:41 clean after 13 s
16:33:04 deep-scrubbed 32 PGs in 23 s
16:33:11 clean after 6 s
run 12: PASS  [1=ok 2=ok 3=skip 4=ok]
16:33:11 --- s02-kill-primary-during-delete run 13 {"kill_delay_s": 0.05}
16:33:34 osd.4 up (pid 405964)
16:33:47 clean after 13 s
16:34:10 deep-scrubbed 32 PGs in 23 s
16:34:17 clean after 6 s
run 13: PASS  [1=ok 2=ok 3=skip 4=ok]
16:34:18 --- s02-kill-primary-during-delete run 14 {"kill_delay_s": 0.12}
16:34:30 osd.0 up (pid 408121)
16:34:42 clean after 12 s
16:35:02 deep-scrubbed 32 PGs in 20 s
16:35:09 clean after 6 s
run 14: PASS  [1=ok 2=ok 3=skip 4=ok]
16:35:10 --- s02-kill-primary-during-delete run 15 {"kill_delay_s": 0.15}
16:35:24 osd.1 up (pid 410227)
16:35:38 clean after 14 s
16:35:58 deep-scrubbed 32 PGs in 20 s
16:36:05 clean after 6 s
run 15: PASS  [1=ok 2=ok 3=skip 4=ok]
16:36:06 --- s02-kill-primary-during-delete run 16 {"kill_delay_s": 0.18}
16:36:20 osd.3 up (pid 412340)
16:36:34 clean after 13 s
16:36:54 deep-scrubbed 32 PGs in 20 s
16:37:01 clean after 6 s
run 16: PASS  [1=ok 2=ok 3=skip 4=ok]
16:37:01 --- s02-kill-primary-during-delete run 17 {"kill_delay_s": 0.2}
16:37:14 osd.0 up (pid 414497)
16:37:25 clean after 10 s
16:37:48 deep-scrubbed 32 PGs in 23 s
16:37:56 clean after 7 s
run 17: PASS  [1=ok 2=ok 3=skip 4=ok]
16:37:56 --- s02-kill-primary-during-delete run 18 {"kill_delay_s": 0.22}
16:38:10 osd.0 up (pid 416711)
16:38:23 clean after 13 s
16:38:43 deep-scrubbed 32 PGs in 20 s
16:38:50 clean after 6 s
run 18: PASS  [1=ok 2=ok 3=skip 4=ok]
16:38:51 --- s02-kill-primary-during-delete run 19 {"kill_delay_s": 0.25}
16:39:02 osd.1 up (pid 418826)
16:39:15 clean after 13 s
16:39:32 deep-scrubbed 32 PGs in 17 s
16:39:39 clean after 6 s
run 19: PASS  [1=ok 2=ok 3=skip 4=ok]
16:39:40 --- s02-kill-primary-during-delete run 20 {"kill_delay_s": 0.28}
16:39:52 osd.1 up (pid 420927)
16:40:05 clean after 13 s
16:40:26 deep-scrubbed 32 PGs in 21 s
16:40:32 clean after 6 s
run 20: PASS  [1=ok 2=ok 3=skip 4=ok]
s02-kill-primary-during-delete [vanilla]: 20/20 runs passed -> /users/vlad777/research/replicavault/results/s02-kill-primary-during-delete-20260926T162152.json
===== s10-snapshot-delete.sh (16:40:33)
16:40:34 scenario s10-snapshot-delete: mode=vanilla ceph=c92aebb279828e9c3c1f5d24613efca272649e62 runs=3 pool=rvtest
16:40:40 clean after 6 s
16:40:41 --- s10-snapshot-delete run 1 {}
16:40:59 clean after 7 s
16:41:06 clean after 6 s
16:41:16 deep-scrubbed 8 PGs in 10 s
16:41:23 clean after 6 s
run 1: PASS  [1=ok 2=ok 3=skip 4=ok]
16:41:24 --- s10-snapshot-delete run 2 {}
16:41:42 clean after 6 s
16:41:50 clean after 7 s
16:42:00 deep-scrubbed 8 PGs in 10 s
16:42:07 clean after 6 s
run 2: PASS  [1=ok 2=ok 3=skip 4=ok]
16:42:08 --- s10-snapshot-delete run 3 {}
16:42:25 clean after 6 s
16:42:32 clean after 6 s
16:42:42 deep-scrubbed 8 PGs in 10 s
16:42:50 clean after 7 s
run 3: PASS  [1=ok 2=ok 3=skip 4=ok]
s10-snapshot-delete [vanilla]: 3/3 runs passed -> /users/vlad777/research/replicavault/results/s10-snapshot-delete-20260926T164033.json
===== summary
s02: pass
s10: pass
